2026-06-16T22:48:56.897131873 [anonymous-instance:main] Running Firecracker v1.12.1
2026-06-16T22:48:56.897995428 [anonymous-instance:main] Listening on API socket ("/tmp/fc-b2yxw978mpib7dvx4rqgx-z5umf2zyaro5o9nxmc0t.sock").
2026-06-16T22:48:56.898241464 [anonymous-instance:fc_api] API server started.
2026-06-16T22:48:56.906386070 [anonymous-instance:fc_api] The API server received a Put request on "/metrics" with body "{\"metrics_path\":\"/tmp/fc-metrics-b2yxw978mpib7dvx4rqgx-z5umf2zyaro5o9nxmc0t.fifo\"}\n".
2026-06-16T22:48:56.906476486 [anonymous-instance:fc_api] The request was executed successfully. Status code: 204 No Content.
2026-06-16T22:48:56.907602512 [anonymous-instance:fc_api] The API server received a Put request on "/boot-source" with body "{\"boot_args\":\"clocksource=kvm-clock console=ttyS0 i8042.noaux i8042.nokbd init=usr/bin/init ip=169.254.0.21::169.254.0.22:255.255.255.252:instance:eth0:off:tap0 ipv6.autoconf=1 ipv6.disable=0 loglevel=5 panic=1 pci=off random.trust_cpu=on reboot=k rootflags=discard\",\"kernel_image_path\":\"/fc-vm/vmlinux-6.1.158/vmlinux.bin\"}\n".
2026-06-16T22:48:56.907653859 [anonymous-instance:fc_api] The request was executed successfully. Status code: 204 No Content.
2026-06-16T22:48:56.908471855 [anonymous-instance:fc_api] The API server received a Put request on "/drives/rootfs" with body "{\"drive_id\":\"rootfs\",\"io_engine\":\"Sync\",\"is_root_device\":true,\"path_on_host\":\"/fc-vm/rootfs.ext4\"}\n".
2026-06-16T22:48:56.908551939 [anonymous-instance:fc_api] The request was executed successfully. Status code: 204 No Content.
2026-06-16T22:48:56.909348150 [anonymous-instance:fc_api] The API server received a Put request on "/network-interfaces/eth0" with body "{\"guest_mac\":\"02:FC:00:00:00:05\",\"host_dev_name\":\"tap0\",\"iface_id\":\"eth0\"}\n".
2026-06-16T22:48:56.909675985 [anonymous-instance:fc_api] The request was executed successfully. Status code: 204 No Content.
2026-06-16T22:48:56.910282177 [anonymous-instance:fc_api] The API server received a Put request on "/mmds/config" with body "{\"network_interfaces\":[\"eth0\"],\"version\":\"V2\"}\n".
2026-06-16T22:48:56.910344694 [anonymous-instance:fc_api] The request was executed successfully. Status code: 204 No Content.
2026-06-16T22:48:56.911316222 [anonymous-instance:fc_api] The API server received a Put request on "/machine-config" with body "{\"huge_pages\":\"2M\",\"mem_size_mib\":512,\"smt\":true,\"track_dirty_pages\":false,\"vcpu_count\":2}\n".
2026-06-16T22:48:56.911346725 [anonymous-instance:fc_api] The request was executed successfully. Status code: 204 No Content.
2026-06-16T22:48:56.912181578 [anonymous-instance:fc_api] The API server received a Put request on "/entropy" with body "{\"rate_limiter\":{\"bandwidth\":{\"one_time_burst\":0,\"refill_time\":100,\"size\":1024}}}\n".
2026-06-16T22:48:56.912252032 [anonymous-instance:fc_api] The request was executed successfully. Status code: 204 No Content.
2026-06-16T22:48:56.913009102 [anonymous-instance:fc_api] The API server received a Put request on "/actions" with body "{\"action_type\":\"InstanceStart\"}\n".
2026-06-16T22:48:56.928163267 [anonymous-instance:main] Artificially kick devices.
2026-06-16T22:48:56.928205968 [anonymous-instance:fc_vcpu 0] Received a VcpuEvent::Resume message with immediate_exit enabled. immediate_exit was disabled before proceeding
2026-06-16T22:48:56.928226194 [anonymous-instance:fc_vcpu 1] Received a VcpuEvent::Resume message with immediate_exit enabled. immediate_exit was disabled before proceeding
2026-06-16T22:48:56.928264347 [anonymous-instance:fc_api] The request was executed successfully. Status code: 204 No Content.
[    0.008365] SELinux: CONFIG_SECURITY_SELINUX_CHECKREQPROT_VALUE is non-zero.  This is deprecated and will be rejected in a future kernel release.
[    0.008365] SELinux: https://github.com/SELinuxProject/selinux-kernel/wiki/DEPRECATE-checkreqprot
[    0.045434] EXT4-fs (vda): mounting with "discard" option, but the device does not support discard
Mounting essential filesystems
mount: /dev: devtmpfs already mounted on /dev.
       dmesg(1) may have more information after failed mount system call.
System Init
[external] Starting provisioning script
[external] ===E2B-DBG id-root=== uid=0(root) gid=0(root) groups=0(root)
[external] ===E2B-DBG umask=== 0022
[external] ===E2B-DBG _apt-user=== uid=42(_apt) gid=65534(nogroup) groups=65534(nogroup)
[external] ===E2B-DBG mounts===
[external] /dev/root / ext4 rw,relatime,discard 0 0
[external] tmpfs /tmp tmpfs rw,relatime 0 0
[external] tmpfs /run tmpfs rw,relatime 0 0
[external] ===E2B-DBG rootfs-fs-feat===
[external] /dev/vda on / type ext4 (rw,relatime,discard)
[external] ===E2B-DBG own:apt-dirs===
[external] ls: cannot access '/var/lib/apt/lists/partial': No such file or directory
[external] drwxr-xr-x 11  0 0 4096 Jun 16 14:48 /var
[external] drwxr-xr-x  3  0 0   60 Nov 21  2023 /var/cache/apt
[external] drwxr-xr-x  3  0 0   60 Nov 21  2023 /var/cache/apt/archives
[external] drwx------  2 42 0   60 Nov 21  2023 /var/cache/apt/archives/partial
[external] drwxr-xr-x 10  0 0 4096 Jun 16 14:48 /var/lib
[external] drwxr-xr-x  5  0 0  128 Jun 16 14:48 /var/lib/apt
[external] drwxr-xr-x  2  0 0   60 Nov 21  2023 /var/lib/apt/lists
cat: /provision.result: No such file or directory
E2B_PROVISIONING_EXIT:1
