2026-06-16T21:32:48.939695018 [anonymous-instance:main] Running Firecracker v1.12.1
2026-06-16T21:32:48.940555121 [anonymous-instance:main] Listening on API socket ("/tmp/fc-b0ub09bjmslypo03zusml-r4gk3ir8f7zchdgsji2z.sock").
2026-06-16T21:32:48.940772760 [anonymous-instance:fc_api] API server started.
2026-06-16T21:32:48.949821394 [anonymous-instance:fc_api] The API server received a Put request on "/metrics" with body "{\"metrics_path\":\"/tmp/fc-metrics-b0ub09bjmslypo03zusml-r4gk3ir8f7zchdgsji2z.fifo\"}\n".
2026-06-16T21:32:48.949868567 [anonymous-instance:fc_api] The request was executed successfully. Status code: 204 No Content.
2026-06-16T21:32:48.950962690 [anonymous-instance:fc_api] The API server received a Put request on "/boot-source" with body "{\"boot_args\":\"clocksource=kvm-clock console=ttyS0 i8042.noaux i8042.nokbd init=usr/bin/init ip=169.254.0.21::169.254.0.22:255.255.255.252:instance:eth0:off:tap0 ipv6.autoconf=1 ipv6.disable=0 loglevel=5 panic=1 pci=off random.trust_cpu=on reboot=k rootflags=discard\",\"kernel_image_path\":\"/fc-vm/vmlinux-6.1.158/vmlinux.bin\"}\n".
2026-06-16T21:32:48.951319971 [anonymous-instance:fc_api] The request was executed successfully. Status code: 204 No Content.
2026-06-16T21:32:48.952055024 [anonymous-instance:fc_api] The API server received a Put request on "/drives/rootfs" with body "{\"drive_id\":\"rootfs\",\"io_engine\":\"Sync\",\"is_root_device\":true,\"path_on_host\":\"/fc-vm/rootfs.ext4\"}\n".
2026-06-16T21:32:48.952118141 [anonymous-instance:fc_api] The request was executed successfully. Status code: 204 No Content.
2026-06-16T21:32:48.953026576 [anonymous-instance:fc_api] The API server received a Put request on "/network-interfaces/eth0" with body "{\"guest_mac\":\"02:FC:00:00:00:05\",\"host_dev_name\":\"tap0\",\"iface_id\":\"eth0\"}\n".
2026-06-16T21:32:48.953373071 [anonymous-instance:fc_api] The request was executed successfully. Status code: 204 No Content.
2026-06-16T21:32:48.953732646 [anonymous-instance:fc_api] The API server received a Put request on "/mmds/config" with body "{\"network_interfaces\":[\"eth0\"],\"version\":\"V2\"}\n".
2026-06-16T21:32:48.953785150 [anonymous-instance:fc_api] The request was executed successfully. Status code: 204 No Content.
2026-06-16T21:32:48.954317911 [anonymous-instance:fc_api] The API server received a Put request on "/machine-config" with body "{\"huge_pages\":\"2M\",\"mem_size_mib\":512,\"smt\":true,\"track_dirty_pages\":false,\"vcpu_count\":2}\n".
2026-06-16T21:32:48.954336224 [anonymous-instance:fc_api] The request was executed successfully. Status code: 204 No Content.
2026-06-16T21:32:48.954713650 [anonymous-instance:fc_api] The API server received a Put request on "/entropy" with body "{\"rate_limiter\":{\"bandwidth\":{\"one_time_burst\":0,\"refill_time\":100,\"size\":1024}}}\n".
2026-06-16T21:32:48.954758205 [anonymous-instance:fc_api] The request was executed successfully. Status code: 204 No Content.
2026-06-16T21:32:48.955125584 [anonymous-instance:fc_api] The API server received a Put request on "/actions" with body "{\"action_type\":\"InstanceStart\"}\n".
2026-06-16T21:32:48.973920593 [anonymous-instance:main] Artificially kick devices.
2026-06-16T21:32:48.973958835 [anonymous-instance:fc_vcpu 0] Received a VcpuEvent::Resume message with immediate_exit enabled. immediate_exit was disabled before proceeding
2026-06-16T21:32:48.973974544 [anonymous-instance:fc_vcpu 1] Received a VcpuEvent::Resume message with immediate_exit enabled. immediate_exit was disabled before proceeding
2026-06-16T21:32:48.974008014 [anonymous-instance:fc_api] The request was executed successfully. Status code: 204 No Content.
[    0.008385] SELinux: CONFIG_SECURITY_SELINUX_CHECKREQPROT_VALUE is non-zero.  This is deprecated and will be rejected in a future kernel release.
[    0.008385] SELinux: https://github.com/SELinuxProject/selinux-kernel/wiki/DEPRECATE-checkreqprot
[    0.045452] EXT4-fs (vda): mounting with "discard" option, but the device does not support discard
Mounting essential filesystems
mount: /dev: devtmpfs already mounted on /dev.
       dmesg(1) may have more information after failed mount system call.
System Init
[external] Starting provisioning script
[external] Switching apt sources to mirrors.ustc.edu.cn
[external] Making configuration immutable
[external] Checking presence of the following packages: systemd systemd-sysv openssh-server sudo chrony socat curl ca-certificates fuse3 iptables git nfs-common less nftables iputils-ping jq
[external] Package systemd is missing, will install it.
[external] Package systemd-sysv is missing, will install it.
[external] Package openssh-server is missing, will install it.
[external] Package sudo is missing, will install it.
[external] Package chrony is missing, will install it.
[external] Package socat is missing, will install it.
[external] Package fuse3 is missing, will install it.
[external] Package iptables is missing, will install it.
[external] Package nfs-common is missing, will install it.
[external] Package less is missing, will install it.
[external] Package nftables is missing, will install it.
[external] Package iputils-ping is missing, will install it.
[external] Package jq is missing, will install it.
[external] Missing packages detected, installing: systemd systemd-sysv openssh-server sudo chrony socat fuse3 iptables nfs-common less nftables iputils-ping jq
[external] Get:1 http://mirrors.ustc.edu.cn/debian bookworm InRelease [151 kB]
[external] Get:2 http://mirrors.ustc.edu.cn/debian bookworm-updates InRelease [55.4 kB]
[external] Get:3 http://mirrors.ustc.edu.cn/debian-security bookworm-security InRelease [48.0 kB]
[external] Get:4 http://mirrors.ustc.edu.cn/debian bookworm/main amd64 Packages [8790 kB]
[external] Get:5 http://mirrors.ustc.edu.cn/debian bookworm-updates/main amd64 Packages [6924 B]
[external] Get:6 http://mirrors.ustc.edu.cn/debian-security bookworm-security/main amd64 Packages [311 kB]
[external] Fetched 9363 kB in 2s (4373 kB/s)
[external] Reading package lists...
[external] W: Download is performed unsandboxed as root as file '/var/lib/apt/lists/partial/mirrors.ustc.edu.cn_debian_dists_bookworm_InRelease' couldn't be accessed by user '_apt'. - pkgAcquire::Run (13: Permission denied)
[external] Selecting previously unselected package libargon2-1:amd64.
[external] (Reading database ... 24135 files and directories currently installed.)
[external] Preparing to unpack .../libargon2-1_0~20171227-0.3+deb12u1_amd64.deb ...
[external] Unpacking libargon2-1:amd64 (0~20171227-0.3+deb12u1) ...
[external] Preparing to unpack .../libudev1_252.39-1~deb12u2_amd64.deb ...
[external] Unpacking libudev1:amd64 (252.39-1~deb12u2) over (252.17-1~deb12u1) ...
[external] Setting up libudev1:amd64 (252.39-1~deb12u2) ...
[external] Selecting previously unselected package dmsetup.
[external] (Reading database ... 24140 files and directories currently installed.)
[external] Preparing to unpack .../0-dmsetup_2%3a1.02.185-2_amd64.deb ...
[external] Unpacking dmsetup (2:1.02.185-2) ...
[external] Selecting previously unselected package libdevmapper1.02.1:amd64.
[external] Preparing to unpack .../1-libdevmapper1.02.1_2%3a1.02.185-2_amd64.deb ...
[external] Unpacking libdevmapper1.02.1:amd64 (2:1.02.185-2) ...
[external] Selecting previously unselected package libjson-c5:amd64.
[external] Preparing to unpack .../2-libjson-c5_0.16-2_amd64.deb ...
[external] Unpacking libjson-c5:amd64 (0.16-2) ...
[external] Preparing to unpack .../3-libssl-dev_3.0.20-1~deb12u2_amd64.deb ...
[external] Unpacking libssl-dev:amd64 (3.0.20-1~deb12u2) over (3.0.11-1~deb12u2) ...
[external] Preparing to unpack .../4-libssl3_3.0.20-1~deb12u2_amd64.deb ...
[external] Unpacking libssl3:amd64 (3.0.20-1~deb12u2) over (3.0.11-1~deb12u2) ...
[external] Selecting previously unselected package libcryptsetup12:amd64.
[external] Preparing to unpack .../5-libcryptsetup12_2%3a2.6.1-4~deb12u2_amd64.deb ...
[external] Unpacking libcryptsetup12:amd64 (2:2.6.1-4~deb12u2) ...
[external] Selecting previously unselected package libfdisk1:amd64.
[external] Preparing to unpack .../6-libfdisk1_2.38.1-5+deb12u3_amd64.deb ...
[external] Unpacking libfdisk1:amd64 (2.38.1-5+deb12u3) ...
[external] Selecting previously unselected package libkmod2:amd64.
[external] Preparing to unpack .../7-libkmod2_30+20221128-1_amd64.deb ...
[external] Unpacking libkmod2:amd64 (30+20221128-1) ...
[external] Selecting previously unselected package libapparmor1:amd64.
[external] Preparing to unpack .../8-libapparmor1_3.0.8-3_amd64.deb ...
[external] Unpacking libapparmor1:amd64 (3.0.8-3) ...
external] Preparing to unp .../9-libcap2_1%3a2.66-4+deb12u3+b1_amd64.deb ...
[external] Unpacking libcap2:amd64 (1:2.66-4+deb12u3+b1) over (1:2.66-4) ...
[external] Setting up libcap2:amd64 (1:2.66-4+deb12u3+b1) ...
[external] Selecting previously unselected package libip4tc2:amd64.
[external] (Reading database ... 24196 files and directories currently installed.)
[external] Preparing to unpack .../libip4tc2_1.8.9-2_amd64.deb ...
[external] Unpacking libip4tc2:amd64 (1.8.9-2) ...
[external] Selecting previously unselected package libsystemd-shared:amd64.
[external] Preparing to unpack .../libsystemd-shared_252.39-1~deb12u2_amd64.deb ...
[external] Unpacking libsystemd-shared:amd64 (252.39-1~deb12u2) ...
[external] Preparing to unpack .../libsystemd0_252.39-1~deb12u2_amd64.deb ...
[external] Unpacking libsystemd0:amd64 (252.39-1~deb12u2) over (252.17-1~deb12u1) ...
[external] Setting up libsystemd0:amd64 (252.39-1~deb12u2) ...
[external] Setting up libssl3:amd64 (3.0.20-1~deb12u2) ...
[external] Selecting previously unselected package systemd.
[external] (Reading database ... 24210 files and directories currently installed.)
[external] Preparing to unpack .../systemd_252.39-1~deb12u2_amd64.deb ...
[external] Unpacking systemd (252.39-1~deb12u2) ...
[external] Setting up libargon2-1:amd64 (0~20171227-0.3+deb12u1) ...
[external] Setting up libjson-c5:amd64 (0.16-2) ...
[external] Setting up libfdisk1:amd64 (2.38.1-5+deb12u3) ...
[external] Setting up libkmod2:amd64 (30+20221128-1) ...
[external] Setting up libapparmor1:amd64 (3.0.8-3) ...
[external] Setting up libip4tc2:amd64 (1.8.9-2) ...
[external] Setting up libsystemd-shared:amd64 (252.39-1~deb12u2) ...
[external] Setting up libdevmapper1.02.1:amd64 (2:1.02.185-2) ...
[external] Setting up libcryptsetup12:amd64 (2:2.6.1-4~deb12u2) ...
[external] Setting up systemd (252.39-1~deb12u2) ...
[external] Created symlink /etc/systemd/system/getty.target.wants/getty@tty1.service → /lib/systemd/system/getty@.service.
[external] Created symlink /etc/systemd/system/multi-user.target.wants/remote-fs.target → /lib/systemd/system/remote-fs.target.
[external] Created symlink /etc/systemd/system/sysinit.target.wants/systemd-pstore.service → /lib/systemd/system/systemd-pstore.service.
[external] Initializing machine ID from random generator.
[external] Creating group 'systemd-journal' with GID 998.
[external] Creating group 'systemd-network' with GID 997.
[external] Creating user 'systemd-network' (systemd Network Management) with UID 997 and GID 997.
[external] Setting up dmsetup (2:1.02.185-2) ...
[external] Selecting previously unselected package systemd-sysv.
[external] (Reading database ... 25049 files and directories currently installed.)
[external] Preparing to unpack .../00-systemd-sysv_252.39-1~deb12u2_amd64.deb ...
[external] Unpacking systemd-sysv (252.39-1~deb12u2) ...
[external] Selecting previously unselected package libbpf1:amd64.
[external] Preparing to unpack .../01-libbpf1_1%3a1.1.2-0+deb12u1_amd64.deb ...
[external] Unpacking libbpf1:amd64 (1:1.1.2-0+deb12u1) ...
[external] Selecting previously unselected package libmnl0:amd64.
[external] Preparing to unpack .../02-libmnl0_1.0.4-3_amd64.deb ...
[external] Unpacking libmnl0:amd64 (1.0.4-3) ...
[external] Selecting previously unselected package libxtables12:amd64.
[external] Preparing to unpack .../03-libxtables12_1.8.9-2_amd64.deb ...
[external] Unpacking libxtables12:amd64 (1.8.9-2) ...
[external] Selecting previously unselected package libcap2-bin.
[external] Preparing to unpack .../04-libcap2-bin_1%3a2.66-4+deb12u3+b1_amd64.deb ...
[external] Unpacking libcap2-bin (1:2.66-4+deb12u3+b1) ...
[external] Selecting previously unselected package iproute2.
[external] Preparing to unpack .../05-iproute2_6.1.0-3_amd64.deb ...
[external] Unpacking iproute2 (6.1.0-3) ...
[external] Selecting previously unselected package chrony.
[external] Preparing to unpack .../06-chrony_4.3-2+deb12u2_amd64.deb ...
[external] Unpacking chrony (4.3-2+deb12u2) ...
[external] Selecting previously unselected package libnfsidmap1:amd64.
[external] Preparing to unpack .../07-libnfsidmap1_1%3a2.6.2-4+deb12u1_amd64.deb ...
[external] Unpacking libnfsidmap1:amd64 (1:2.6.2-4+deb12u1) ...
[external] Selecting previously unselected package libwrap0:amd64.
[external] Preparing to unpack .../08-libwrap0_7.6.q-32_amd64.deb ...
[external] Unpacking libwrap0:amd64 (7.6.q-32) ...
[external] Selecting previously unselected package rpcbind.
[external] Preparing to unpack .../09-rpcbind_1.2.6-6+b1_amd64.deb ...
[external] Unpacking rpcbind (1.2.6-6+b1) ...
[external] Selecting previously unselected package keyutils.
[external] Preparing to unpack .../10-keyutils_1.6.3-2_amd64.deb ...
[external] Unpacking keyutils (1.6.3-2) ...
[external] Selecting previously unselected package nfs-common.
[external] Preparing to unpack .../11-nfs-common_1%3a2.6.2-4+deb12u1_amd64.deb ...
[external] Unpacking nfs-common (1:2.6.2-4+deb12u1) ...
[external] Preparing to unpack .../12-openssh-client_1%3a9.2p1-2+deb12u10_amd64.deb ...
[external] Unpacking openssh-client (1:9.2p1-2+deb12u10) over (1:9.2p1-2+deb12u1) ...
[external] Selecting previously unselected package openssh-sftp-server.
[external] Preparing to unpack .../13-openssh-sftp-server_1%3a9.2p1-2+deb12u10_amd64.deb ...
[external] Unpacking openssh-sftp-server (1:9.2p1-2+deb12u10) ...
[external] Selecting previously unselected package runit-helper.
[external] Preparing to unpack .../14-runit-helper_2.15.2_all.deb ...
[external] Unpacking runit-helper (2.15.2) ...
[external] Selecting previously unselected package openssh-server.
[external] Preparing to unpack .../15-openssh-server_1%3a9.2p1-2+deb12u10_amd64.deb ...
[external] Unpacking openssh-server (1:9.2p1-2+deb12u10) ...
[external] Selecting previously unselected package sudo.
[external] Preparing to unpack .../16-sudo_1.9.13p3-1+deb12u4_amd64.deb ...
[external] Unpacking sudo (1.9.13p3-1+deb12u4) ...
[external] Selecting previously unselected package iputils-ping.
[external] Preparing to unpack .../17-iputils-ping_3%3a20221126-1+deb12u1_amd64.deb ...
[external] Unpacking iputils-ping (3:20221126-1+deb12u1) ...
[external] Selecting previously unselected package less.
[external] Preparing to unpack .../18-less_590-2.1~deb12u2_amd64.deb ...
[external] Unpacking less (590-2.1~deb12u2) ...
[external] Selecting previously unselected package libnftnl11:amd64.
[external] Preparing to unpack .../19-libnftnl11_1.2.4-2_amd64.deb ...
[external] Unpacking libnftnl11:amd64 (1.2.4-2) ...
[external] Selecting previously unselected package libnftables1:amd64.
[external] Preparing to unpack .../20-libnftables1_1.0.6-2+deb12u2_amd64.deb ...
[external] Unpacking libnftables1:amd64 (1.0.6-2+deb12u2) ...
[external] Selecting previously unselected package nftables.
[external] Preparing to unpack .../21-nftables_1.0.6-2+deb12u2_amd64.deb ...
[external] Unpacking nftables (1.0.6-2+deb12u2) ...
[external] Selecting previously unselected package libfuse3-3:amd64.
[external] Preparing to unpack .../22-libfuse3-3_3.14.0-4_amd64.deb ...
[external] Unpacking libfuse3-3:amd64 (3.14.0-4) ...
[external] Selecting previously unselected package fuse3.
[external] Preparing to unpack .../23-fuse3_3.14.0-4_amd64.deb ...
[external] Unpacking fuse3 (3.14.0-4) ...
[external] Selecting previously unselected package libip6tc2:amd64.
[external] Preparing to unpack .../24-libip6tc2_1.8.9-2_amd64.deb ...
[external] Unpacking libip6tc2:amd64 (1.8.9-2) ...
[external] Selecting previously unselected package libnfnetlink0:amd64.
[external] Preparing to unpack .../25-libnfnetlink0_1.0.2-2_amd64.deb ...
[external] Unpacking libnfnetlink0:amd64 (1.0.2-2) ...
[external] Selecting previously unselected package libnetfilter-conntrack3:amd64.
[external] Preparing to unpack .../26-libnetfilter-conntrack3_1.0.9-3_amd64.deb ...
[external] Unpacking libnetfilter-conntrack3:amd64 (1.0.9-3) ...
[external] Selecting previously unselected package iptables.
[external] Preparing to unpack .../27-iptables_1.8.9-2_amd64.deb ...
[external] Unpacking iptables (1.8.9-2) ...
[external] Selecting previously unselected package libonig5:amd64.
[external] Preparing to unpack .../28-libonig5_6.9.8-1_amd64.deb ...
[external] Unpacking libonig5:amd64 (6.9.8-1) ...
[external] Selecting previously unselected package libjq1:amd64.
[external] Preparing to unpack .../29-libjq1_1.6-2.1+deb12u1_amd64.deb ...
[external] Unpacking libjq1:amd64 (1.6-2.1+deb12u1) ...
[external] Selecting previously unselected package jq.
[external] Preparing to unpack .../30-jq_1.6-2.1+deb12u1_amd64.deb ...
[external] Unpacking jq (1.6-2.1+deb12u1) ...
[external] Preparing to unpack .../31-openssl_3.0.20-1~deb12u2_amd64.deb ...
[external] Unpacking openssl (3.0.20-1~deb12u2) over (3.0.11-1~deb12u2) ...
[external] Selecting previously unselected package socat.
[external] Preparing to unpack .../32-socat_1.7.4.4-2_amd64.deb ...
[external] Unpacking socat (1.7.4.4-2) ...
[external] Setting up runit-helper (2.15.2) ...
[external] Setting up systemd-sysv (252.39-1~deb12u2) ...
[external] Setting up libnfsidmap1:amd64 (1:2.6.2-4+deb12u1) ...
[external] Setting up libip6tc2:amd64 (1.8.9-2) ...
[external] Setting up openssh-client (1:9.2p1-2+deb12u10) ...
[external] Setting up less (590-2.1~deb12u2) ...
[external] Setting up libcap2-bin (1:2.66-4+deb12u3+b1) ...
[external] Setting up libwrap0:amd64 (7.6.q-32) ...
[external] Setting up socat (1.7.4.4-2) ...
[external] Setting up libssl-dev:amd64 (3.0.20-1~deb12u2) ...
[external] Setting up libmnl0:amd64 (1.0.4-3) ...
[external] Setting up sudo (1.9.13p3-1+deb12u4) ...
[external] invoke-rc.d: could not determine current runlevel
[external] invoke-rc.d: policy-rc.d denied execution of start.
[external] Setting up libfuse3-3:amd64 (3.14.0-4) ...
[external] Setting up libxtables12:amd64 (1.8.9-2) ...
[external] Setting up keyutils (1.6.3-2) ...
[external] Setting up libnfnetlink0:amd64 (1.0.2-2) ...
[external] Setting up openssl (3.0.20-1~deb12u2) ...
[external] Setting up iputils-ping (3:20221126-1+deb12u1) ...
[external] Setting up libonig5:amd64 (6.9.8-1) ...
[external] Setting up libbpf1:amd64 (1:1.1.2-0+deb12u1) ...
[external] Setting up openssh-sftp-server (1:9.2p1-2+deb12u10) ...
[external] Setting up openssh-server (1:9.2p1-2+deb12u10) ...
[external] 
[external] Creating config file /etc/ssh/sshd_config with new version
[external] Creating SSH2 RSA key; this may take some time ...
[external] 3072 SHA256:e584T04SDQajNeftP4qASqgab4T2J8rMVSq5aVbTTeQ root@instance (RSA)
[external] Creating SSH2 ECDSA key; this may take some time ...
[external] 256 SHA256:G62mN5chNQ0mzlNJRehTu1vAfI0+0HCFuZZNfv5aZTo root@instance (ECDSA)
[external] Creating SSH2 ED25519 key; this may take some time ...
[external] 256 SHA256:iD+Wa4sehQ7DFukmg/tclGtgA8gO5j1GYkbJb1vKBTE root@instance (ED25519)
[external] invoke-rc.d: could not determine current runlevel
[external] invoke-rc.d: policy-rc.d denied execution of start.
[external] Created symlink /etc/systemd/system/sshd.service → /lib/systemd/system/ssh.service.
[external] Created symlink /etc/systemd/system/multi-user.target.wants/ssh.service → /lib/systemd/system/ssh.service.
[external] Setting up libjq1:amd64 (1.6-2.1+deb12u1) ...
[external] Setting up iproute2 (6.1.0-3) ...
[external] Setting up chrony (4.3-2+deb12u2) ...
[external] 
[external] Creating config file /etc/chrony/chrony.conf with new version
[external] 
[external] Creating config file /etc/chrony/chrony.keys with new version
[external] dpkg-statoverride: warning: --update given but /var/log/chrony does not exist
[external] invoke-rc.d: could not determine current runlevel
[external] invoke-rc.d: policy-rc.d denied execution of start.
[external] Created symlink /etc/systemd/system/chronyd.service → /lib/systemd/system/chrony.service.
[external] Setting up libnftnl11:amd64 (1.2.4-2) ...
[external] Setting up rpcbind (1.2.6-6+b1) ...
[external] invoke-rc.d: could not determine current runlevel
[external] invoke-rc.d: policy-rc.d denied execution of start.
[external] Created symlink /etc/systemd/system/multi-user.target.wants/rpcbind.service → /lib/systemd/system/rpcbind.service.
[external] Created symlink /etc/systemd/system/sockets.target.wants/rpcbind.socket → /lib/systemd/system/rpcbind.socket.
[external] Setting up nfs-common (1:2.6.2-4+deb12u1) ...
[external] 
[external] Creating config file /etc/idmapd.conf with new version
[external] 
[external] Creating config file /etc/nfs.conf with new version
[external] Adding system user `statd' (UID 103) ...
[external] Adding new user `statd' (UID 103) with group `nogroup' ...
[external] Not creating home directory `/var/lib/nfs'.
[external] invoke-rc.d: could not determine current runlevel
[external] invoke-rc.d: policy-rc.d denied execution of start.
[external] Created symlink /etc/systemd/system/multi-user.target.wants/nfs-client.target → /lib/systemd/system/nfs-client.target.
[external] Created symlink /etc/systemd/system/remote-fs.target.wants/nfs-client.target → /lib/systemd/system/nfs-client.target.
[external] Setting up fuse3 (3.14.0-4) ...
[external] Setting up libnetfilter-conntrack3:amd64 (1.0.9-3) ...
[external] Setting up jq (1.6-2.1+deb12u1) ...
[external] Setting up libnftables1:amd64 (1.0.6-2+deb12u2) ...
[external] Setting up nftables (1.0.6-2+deb12u2) ...
[external] Setting up iptables (1.8.9-2) ...
[external] update-alternatives: using /usr/sbin/iptables-legacy to provide /usr/sbin/iptables (iptables) in auto mode
[external] update-alternatives: using /usr/sbin/ip6tables-legacy to provide /usr/sbin/ip6tables (ip6tables) in auto mode
[external] update-alternatives: using /usr/sbin/iptables-nft to provide /usr/sbin/iptables (iptables) in auto mode
[external] update-alternatives: using /usr/sbin/ip6tables-nft to provide /usr/sbin/ip6tables (ip6tables) in auto mode
[external] update-alternatives: using /usr/sbin/arptables-nft to provide /usr/sbin/arptables (arptables) in auto mode
[external] update-alternatives: using /usr/sbin/ebtables-nft to provide /usr/sbin/ebtables (ebtables) in auto mode
[external] Processing triggers for libc-bin (2.36-9+deb12u3) ...
[external] W: Download is performed unsandboxed as root as file '/var/cache/apt/archives/partial/libargon2-1_0~20171227-0.3+deb12u1_amd64.deb' couldn't be accessed by user '_apt'. - pkgAcquire::Run (13: Permission denied)
[external] Setting up shell
[external] Use .bashrc and .profile
[external] Remove root password
[external] passwd: password changed.
[external] Setting up chrony
[external] Setting up SSH
[external] Increasing inotify watch limit
[external] fs.inotify.max_user_watches=65536
[external] Disabling proactive memory compaction
[external] vm.compaction_proactiveness=0
[external] Don't wait for ttyS0 (serial console kernel logs)
[external] Created symlink /etc/systemd/system/serial-getty@ttyS0.service → /dev/null.
[external] Disable network online wait
[external] Created symlink /etc/systemd/system/systemd-networkd-wait-online.service → /dev/null.
[external] Disable system first boot wizard
[external] Created symlink /etc/systemd/system/systemd-firstboot.service → /dev/null.
[external] Linking systemd to init
[external] [E2B-DEBUG] Installing diagnostics: forward journal to console + verbose networkd
[external] [E2B-DEBUG] Diagnostics installed
[external] Unlocking immutable configuration
[external] Finished provisioning script
E2B_PROVISIONING_EXIT:0
2026-06-16T21:33:22.471632836 [anonymous-instance:fc_api] The API server received a Patch request on "/vm" with body "{\"state\":\"Paused\"}\n".
2026-06-16T21:33:22.471713561 [anonymous-instance:main] 'pause vm' VMM action took 38 us.
2026-06-16T21:33:22.471741893 [anonymous-instance:fc_api] The request was executed successfully. Status code: 204 No Content.
2026-06-16T21:33:22.471746978 [anonymous-instance:fc_api] 'pause vm' API request took 123 us.
2026-06-16T21:33:22.472378970 [anonymous-instance:fc_api] The API server received a Put request on "/snapshot/create" with body "{\"snapshot_path\":\"/media/nvme/wh/E2B/e2b-infra/packages/orchestrator/tmp/template/9fcb6a22-dd5e-46a2-90ee-15aa0257a664/cache/7898e2ef-77e7-4ba0-a081-e482b8015c82/snapfile\",\"snapshot_type\":\"Full\"}\n".
2026-06-16T21:33:22.472398425 [anonymous-instance:main] [DevPreview] Virtual machine snapshots is in development preview.
2026-06-16T21:33:22.501459087 [anonymous-instance:main] 'create full snapshot' VMM action took 29022 us.
2026-06-16T21:33:22.501489962 [anonymous-instance:fc_api] The request was executed successfully. Status code: 204 No Content.
2026-06-16T21:33:22.501495665 [anonymous-instance:fc_api] 'create full snapshot' API request took 29124 us.
